error[E0277]: the trait bound `Foo: PureClone` is not satisfied
 --> tests/ui/field_not_pure_clone.rs:8:8
  |
8 |     f: Foo,
  |        ^^^ the trait `PureClone` is not implemented for `Foo`
  |
help: consider borrowing here
  |
8 |     f: &Foo,
  |        +
